// Jest Snapshot v1, https://goo.gl/fbAQLP

exports[`UsersListComponent Snapshot test 1`] = `
<DocumentFragment>
  <div
    class="usersList"
  >
    <div>
      <p>
        formFields.name: name
      </p>
      <p>
        formFields.lastName: last name
      </p>
      <p>
        formFields.email: some@mail.com
      </p>
      <p>
        formFields.role: user
      </p>
      <p>
        formFields.birthdate: 2000-01-01
      </p>
      <button
        type="button"
      >
        Update
      </button>
      <hr />
    </div>
    <div>
      <p>
        formFields.name: name 2
      </p>
      <p>
        formFields.lastName: last name 2
      </p>
      <p>
        formFields.email: some2@mail.com
      </p>
      <p>
        formFields.role: admin
      </p>
      <p>
        formFields.birthdate: 1990-01-01
      </p>
      <button
        type="button"
      >
        Update
      </button>
      <hr />
    </div>
  </div>
</DocumentFragment>
`;
